// Jest Snapshot v1, https://goo.gl/fbAQLP

exports[`has neither classnames import nor class names used 1`] = `
""use strict";
import { jsx } from "react/jsx-runtime";
import "./Button.css";
export function Button({
  color = "neutral",
  variant = "solid",
  size = "small",
  spacing = "default",
  disabled,
  ...props
}) {
  return /* @__PURE__ */ jsx("button", { disabled, "aria-disabled": disabled, ...props });
}
"
`;
